+ sha256sum -c MANIFEST.sha256
TOP_MANIFEST=PASSED
PACKAGE=base SHA256=c2d43080524cb2932ce96d02fa02333e599af1f09a41048e4b6b0f3c8b46842a ZIP=OK
PACKAGE=n12 SHA256=e57062b64befa110e90dfd0fde2fa9f47539b6aa0c9869bea881de5e03787795 ZIP=OK
PACKAGE=B80 SHA256=9d4ea178221464adef2a20cd16954df910ed96dab21cabdf07d2ae98da68f904 ZIP=OK
PACKAGE=B81 SHA256=f9d6891fff833e7b6635cfdb216f16c9bda4a6fa1b898f8a2617cd8ccddb3fa2 ZIP=OK
PACKAGE=B82 SHA256=30c0462d32fdde3203099dea68ff27e4de9ec10f836675e6c485c60ece60364c ZIP=OK
PACKAGE=B83 SHA256=dacc2e5f488dd7d66464af9d7710e7405be71c47e5202b0b25c3a1295bd87f84 ZIP=OK
+ sha256sum -c MANIFEST_V57.sha256
MANIFEST=base PASSED
+ sha256sum -c MANIFEST.sha256
MANIFEST=n12 PASSED
+ sha256sum -c MANIFEST.sha256
MANIFEST=B80 PASSED
+ sha256sum -c MANIFEST.sha256
MANIFEST=B81 PASSED
+ sha256sum -c MANIFEST.sha256
MANIFEST=B82 PASSED
+ sha256sum -c MANIFEST.sha256
MANIFEST=B83 PASSED
RETAINED_FINAL_AUDITS=PASSED
+ python3 verify_values.py
ERDOS506_VALUE_ARITHMETIC=PASSED
ERDOS506_QUICK_AUDIT=PASSED
